
[1m[46m RUN [49m[22m [36mv4.0.10 [39m[90mD:/DUVOX LABS/SOFTWARES/TEAM MANAGEMENT SOFTWARE/TRACK BOSS AI/ORBIT LIVE AI TEAM MANAGEMENT (PUBLIC)/project[39m

 [32mΓ£ô[39m server/middleware/__tests__/auth.test.ts [2m([22m[2m10 tests[22m[2m)[22m[32m 24[2mms[22m[39m
node.exe : 
At line:1 char:1
+ & "D:\SALAR FILES\Torrent/node.exe" 
"C:\Users\Patan Salar Khan\AppDat ...
+ ~~~~~~~~~~~~~~~~~~~~~~~~~~~~~~~~~~~~~~~~~~~~~~
~~~~~~~~~~~~~~~~~~~~~~~
    + CategoryInfo          : NotSpecified: (:S 
   tring) [], RemoteException
    + FullyQualifiedErrorId : NativeCommandErro 
   r
 
[31mΓÄ»ΓÄ»ΓÄ»ΓÄ»ΓÄ»ΓÄ»[39m[1m[41m Failed 
Suites 1 
[49m[22m[31mΓÄ»ΓÄ»ΓÄ»ΓÄ»ΓÄ»ΓÄ»ΓÄ»[39m

[41m[1m FAIL [22m[49m src/App.test.tsx[2m 
[ src/App.test.tsx ][22m
[31m[1mError[22m: [vitest] There was an 
error when mocking a module. If you are using 
"vi.mock" factory, make sure there are no top 
level variables inside, since this call is 
hoisted to top of the file. Read more: 
https://vitest.dev/api/vi.html#vi-mock[39m
[36m [2mΓ¥»[22m 
src/hooks/useAuth.ts:[2m3:1[22m[39m
    [90m  1| [39m[35mimport[39m { 
useState[33m,[39m useEffect[33m,[39m useRef 
} [35mfrom[39m [32m'react'[39m[33m;[39m
    [90m  2| [39m[35mimport[39m { 
[33mUser[39m [35mas[39m 
[33mSupabaseUser[39m } [35mfrom[39m 
[32m'@supabase/supabase-js'[39m[33m;[39m
    [90m  3| [39m[35mimport[39m { supabase 
} [35mfrom[39m 
[32m'../lib/supabase'[39m[33m;[39m
    [90m   | [39m[31m^[39m
    [90m  4| [39m[35mimport[39m { 
[33mUser[39m } [35mfrom[39m 
[32m'../types'[39m[33m;[39m
    [90m  5| [39m

[31m[1mCaused by: ReferenceError[22m: Cannot 
access 'mockSelectReturn' before 
initialization[39m
[36m [2mΓ¥»[22m 
src/App.test.tsx:[2m38:45[22m[39m
[90m [2mΓ¥»[22m 
src/hooks/useAuth.ts:[2m3:1[22m[39m

[31m[2mΓÄ»ΓÄ»ΓÄ»ΓÄ»ΓÄ»ΓÄ»ΓÄ»ΓÄ»ΓÄ»ΓÄ»ΓÄ»ΓÄ»ΓÄ»
ΓÄ»ΓÄ»ΓÄ»ΓÄ»ΓÄ»ΓÄ»ΓÄ»ΓÄ»ΓÄ»ΓÄ»ΓÄ»[1/1]ΓÄ»[22m[
39m


[2m Test Files [22m [1m[31m1 failed[39m[22m[2m | [22m[1m[32m1 passed[39m[22m[90m (2)[39m
[2m      Tests [22m [1m[32m10 passed[39m[22m[90m (10)[39m
[2m   Start at [22m 15:06:07
[2m   Duration [22m 6.63s[2m (transform 707ms, setup 1.31s, collect 616ms, tests 24ms, environment 7.14s, prepare 206ms)[22m

